<?xml version="1.0" encoding="ISO-8859-1" ?>
<link_info>
   <banner>TI ARM Linker PC v20.2.7.LTS</banner>
   <copyright>Copyright (c) 1996-2018 Texas Instruments Incorporated</copyright>
   <link_time>0x645172d1</link_time>
   <link_errors>0x0</link_errors>
   <output_file>ece230Project5.out</output_file>
   <entry_point>
      <name>_c_int00_noargs</name>
      <address>0x11bd</address>
   </entry_point>
   <input_file_list>
      <input_file id="fl-2">
         <path>.\</path>
         <kind>object</kind>
         <file>csHFXT.obj</file>
         <name>csHFXT.obj</name>
      </input_file>
      <input_file id="fl-3">
         <path>.\</path>
         <kind>object</kind>
         <file>lcd.obj</file>
         <name>lcd.obj</name>
      </input_file>
      <input_file id="fl-4">
         <path>.\</path>
         <kind>object</kind>
         <file>main.obj</file>
         <name>main.obj</name>
      </input_file>
      <input_file id="fl-5">
         <path>.\</path>
         <kind>object</kind>
         <file>startup_msp432p4111_ccs.obj</file>
         <name>startup_msp432p4111_ccs.obj</name>
      </input_file>
      <input_file id="fl-6">
         <path>.\</path>
         <kind>object</kind>
         <file>sysTickDelays.obj</file>
         <name>sysTickDelays.obj</name>
      </input_file>
      <input_file id="fl-7">
         <path>.\</path>
         <kind>object</kind>
         <file>system_msp432p4111.obj</file>
         <name>system_msp432p4111.obj</name>
      </input_file>
      <input_file id="fl-8">
         <path>.\</path>
         <kind>object</kind>
         <file>terminal.obj</file>
         <name>terminal.obj</name>
      </input_file>
      <input_file id="fl-c">
         <kind>object</kind>
         <file>&lt;internal&gt;</file>
         <name>&lt;internal&gt;</name>
      </input_file>
      <input_file id="fl-c2">
         <path>C:\ti\ccs1220\ccs\tools\compiler\ti-cgt-arm_20.2.7.LTS\lib\</path>
         <kind>archive</kind>
         <file>rtsv7M4_T_le_v4SPD16_eabi.lib</file>
         <name>ll_mul_t2.asm.obj</name>
      </input_file>
      <input_file id="fl-c3">
         <path>C:\ti\ccs1220\ccs\tools\compiler\ti-cgt-arm_20.2.7.LTS\lib\</path>
         <kind>archive</kind>
         <file>rtsv7M4_T_le_v4SPD16_eabi.lib</file>
         <name>ull_div_t2.asm.obj</name>
      </input_file>
      <input_file id="fl-c4">
         <path>C:\ti\ccs1220\ccs\tools\compiler\ti-cgt-arm_20.2.7.LTS\lib\</path>
         <kind>archive</kind>
         <file>rtsv7M4_T_le_v4SPD16_eabi.lib</file>
         <name>copy_zero_init.c.obj</name>
      </input_file>
      <input_file id="fl-c5">
         <path>C:\ti\ccs1220\ccs\tools\compiler\ti-cgt-arm_20.2.7.LTS\lib\</path>
         <kind>archive</kind>
         <file>rtsv7M4_T_le_v4SPD16_eabi.lib</file>
         <name>copy_decompress_none.c.obj</name>
      </input_file>
      <input_file id="fl-c6">
         <path>C:\ti\ccs1220\ccs\tools\compiler\ti-cgt-arm_20.2.7.LTS\lib\</path>
         <kind>archive</kind>
         <file>rtsv7M4_T_le_v4SPD16_eabi.lib</file>
         <name>copy_decompress_lzss.c.obj</name>
      </input_file>
      <input_file id="fl-c7">
         <path>C:\ti\ccs1220\ccs\tools\compiler\ti-cgt-arm_20.2.7.LTS\lib\</path>
         <kind>archive</kind>
         <file>rtsv7M4_T_le_v4SPD16_eabi.lib</file>
         <name>boot_cortex_m.c.obj</name>
      </input_file>
      <input_file id="fl-c8">
         <path>C:\ti\ccs1220\ccs\tools\compiler\ti-cgt-arm_20.2.7.LTS\lib\</path>
         <kind>archive</kind>
         <file>rtsv7M4_T_le_v4SPD16_eabi.lib</file>
         <name>div0.asm.obj</name>
      </input_file>
      <input_file id="fl-c9">
         <path>C:\ti\ccs1220\ccs\tools\compiler\ti-cgt-arm_20.2.7.LTS\lib\</path>
         <kind>archive</kind>
         <file>rtsv7M4_T_le_v4SPD16_eabi.lib</file>
         <name>memcpy_t2.asm.obj</name>
      </input_file>
      <input_file id="fl-ca">
         <path>C:\ti\ccs1220\ccs\tools\compiler\ti-cgt-arm_20.2.7.LTS\lib\</path>
         <kind>archive</kind>
         <file>rtsv7M4_T_le_v4SPD16_eabi.lib</file>
         <name>memset_t2.asm.obj</name>
      </input_file>
      <input_file id="fl-cb">
         <path>C:\ti\ccs1220\ccs\tools\compiler\ti-cgt-arm_20.2.7.LTS\lib\</path>
         <kind>archive</kind>
         <file>rtsv7M4_T_le_v4SPD16_eabi.lib</file>
         <name>autoinit.c.obj</name>
      </input_file>
      <input_file id="fl-cc">
         <path>C:\ti\ccs1220\ccs\tools\compiler\ti-cgt-arm_20.2.7.LTS\lib\</path>
         <kind>archive</kind>
         <file>rtsv7M4_T_le_v4SPD16_eabi.lib</file>
         <name>pre_init.c.obj</name>
      </input_file>
      <input_file id="fl-cd">
         <path>C:\ti\ccs1220\ccs\tools\compiler\ti-cgt-arm_20.2.7.LTS\lib\</path>
         <kind>archive</kind>
         <file>rtsv7M4_T_le_v4SPD16_eabi.lib</file>
         <name>cpy_tbl.c.obj</name>
      </input_file>
      <input_file id="fl-ce">
         <path>C:\ti\ccs1220\ccs\tools\compiler\ti-cgt-arm_20.2.7.LTS\lib\</path>
         <kind>archive</kind>
         <file>rtsv7M4_T_le_v4SPD16_eabi.lib</file>
         <name>exit.c.obj</name>
      </input_file>
      <input_file id="fl-cf">
         <path>C:\ti\ccs1220\ccs\tools\compiler\ti-cgt-arm_20.2.7.LTS\lib\</path>
         <kind>archive</kind>
         <file>rtsv7M4_T_le_v4SPD16_eabi.lib</file>
         <name>_lock.c.obj</name>
      </input_file>
      <input_file id="fl-d0">
         <path>C:\ti\ccs1220\ccs\tools\compiler\ti-cgt-arm_20.2.7.LTS\lib\</path>
         <kind>archive</kind>
         <file>rtsv7M4_T_le_v4SPD16_eabi.lib</file>
         <name>args_main.c.obj</name>
      </input_file>
   </input_file_list>
   <object_component_list>
      <object_component id="oc-26">
         <name>.intvecs:retain</name>
         <load_address>0x0</load_address>
         <run_address>0x0</run_address>
         <size>0xe8</size>
         <input_file_ref idref="fl-5"/>
      </object_component>
      <object_component id="oc-73">
         <name>.text</name>
         <load_address>0xe8</load_address>
         <run_address>0xe8</run_address>
         <size>0x670</size>
         <input_file_ref idref="fl-4"/>
      </object_component>
      <object_component id="oc-ab">
         <name>.text</name>
         <load_address>0x758</load_address>
         <run_address>0x758</run_address>
         <size>0x350</size>
         <input_file_ref idref="fl-7"/>
      </object_component>
      <object_component id="oc-c5">
         <name>.text</name>
         <load_address>0xaa8</load_address>
         <run_address>0xaa8</run_address>
         <size>0x230</size>
         <input_file_ref idref="fl-3"/>
      </object_component>
      <object_component id="oc-6d">
         <name>.text</name>
         <load_address>0xcd8</load_address>
         <run_address>0xcd8</run_address>
         <size>0x170</size>
         <input_file_ref idref="fl-8"/>
      </object_component>
      <object_component id="oc-bf">
         <name>.text</name>
         <load_address>0xe48</load_address>
         <run_address>0xe48</run_address>
         <size>0xe8</size>
         <input_file_ref idref="fl-2"/>
      </object_component>
      <object_component id="oc-155">
         <name>.text</name>
         <load_address>0xf30</load_address>
         <run_address>0xf30</run_address>
         <size>0xac</size>
         <input_file_ref idref="fl-6"/>
      </object_component>
      <object_component id="oc-37">
         <name>.text</name>
         <load_address>0xfdc</load_address>
         <run_address>0xfdc</run_address>
         <size>0x9c</size>
         <input_file_ref idref="fl-c9"/>
      </object_component>
      <object_component id="oc-198">
         <name>.text</name>
         <load_address>0x1078</load_address>
         <run_address>0x1078</run_address>
         <size>0x96</size>
         <input_file_ref idref="fl-c3"/>
      </object_component>
      <object_component id="oc-17">
         <name>.text:decompress:lzss:__TI_decompress_lzss</name>
         <load_address>0x110e</load_address>
         <run_address>0x110e</run_address>
         <size>0x68</size>
         <input_file_ref idref="fl-c6"/>
      </object_component>
      <object_component id="oc-1cc">
         <name>.text</name>
         <load_address>0x1176</load_address>
         <run_address>0x1176</run_address>
         <size>0x2</size>
         <input_file_ref idref="fl-c8"/>
      </object_component>
      <object_component id="oc-109">
         <name>.text:__TI_auto_init_nobinit_nopinit:__TI_auto_init_nobinit_nopinit</name>
         <load_address>0x1178</load_address>
         <run_address>0x1178</run_address>
         <size>0x44</size>
         <input_file_ref idref="fl-cb"/>
      </object_component>
      <object_component id="oc-55">
         <name>.text:_c_int00_noargs:_c_int00_noargs</name>
         <load_address>0x11bc</load_address>
         <run_address>0x11bc</run_address>
         <size>0x34</size>
         <input_file_ref idref="fl-c7"/>
      </object_component>
      <object_component id="oc-43">
         <name>.text:decompress:ZI:__TI_zero_init_nomemset:__TI_zero_init_nomemset</name>
         <load_address>0x11f0</load_address>
         <run_address>0x11f0</run_address>
         <size>0x1c</size>
         <input_file_ref idref="fl-c4"/>
      </object_component>
      <object_component id="oc-193">
         <name>.text</name>
         <load_address>0x120c</load_address>
         <run_address>0x120c</run_address>
         <size>0x18</size>
         <input_file_ref idref="fl-c2"/>
      </object_component>
      <object_component id="oc-1d">
         <name>.text:decompress:none:__TI_decompress_none</name>
         <load_address>0x1224</load_address>
         <run_address>0x1224</run_address>
         <size>0xe</size>
         <input_file_ref idref="fl-c5"/>
      </object_component>
      <object_component id="oc-67">
         <name>.text</name>
         <load_address>0x1232</load_address>
         <run_address>0x1232</run_address>
         <size>0xe</size>
         <input_file_ref idref="fl-5"/>
      </object_component>
      <object_component id="oc-99">
         <name>.text:_system_pre_init</name>
         <load_address>0x1240</load_address>
         <run_address>0x1240</run_address>
         <size>0x4</size>
         <input_file_ref idref="fl-cc"/>
      </object_component>
      <object_component id="oc-fd">
         <name>.text:abort:abort</name>
         <load_address>0x1244</load_address>
         <run_address>0x1244</run_address>
         <size>0x4</size>
         <input_file_ref idref="fl-ce"/>
      </object_component>
      <object_component id="oc-cb">
         <name>.const:.string:prompt</name>
         <load_address>0x1248</load_address>
         <run_address>0x1248</run_address>
         <size>0x72</size>
         <input_file_ref idref="fl-4"/>
      </object_component>
      <object_component id="oc-b5">
         <name>.const:.string:invalid</name>
         <load_address>0x12ba</load_address>
         <run_address>0x12ba</run_address>
         <size>0x10</size>
         <input_file_ref idref="fl-8"/>
      </object_component>
      <object_component id="oc-215">
         <name>.cinit..data.load</name>
         <load_address>0x12d0</load_address>
         <run_address>0x12d0</run_address>
         <size>0x50</size>
      </object_component>
      <object_component id="oc-213">
         <name>__TI_handler_table</name>
         <load_address>0x1320</load_address>
         <run_address>0x1320</run_address>
         <size>0xc</size>
      </object_component>
      <object_component id="oc-216">
         <name>.cinit..bss.load</name>
         <load_address>0x1330</load_address>
         <run_address>0x1330</run_address>
         <size>0x8</size>
      </object_component>
      <object_component id="oc-214">
         <name>__TI_cinit_table</name>
         <load_address>0x1338</load_address>
         <run_address>0x1338</run_address>
         <size>0x10</size>
      </object_component>
      <object_component id="oc-1e7">
         <name>.binit</name>
         <load_address>0x0</load_address>
         <run_address>0x0</run_address>
         <size>0x0</size>
      </object_component>
      <object_component id="oc-ce">
         <name>.data</name>
         <load_address>0x20000058</load_address>
         <run_address>0x20000058</run_address>
         <size>0xe</size>
         <input_file_ref idref="fl-4"/>
      </object_component>
      <object_component id="oc-e2">
         <name>.data:RXData</name>
         <load_address>0x20000070</load_address>
         <run_address>0x20000070</run_address>
         <size>0x6</size>
         <input_file_ref idref="fl-4"/>
      </object_component>
      <object_component id="oc-db">
         <name>.data:LCDtopMessage</name>
         <load_address>0x20000045</load_address>
         <run_address>0x20000045</run_address>
         <size>0x11</size>
         <input_file_ref idref="fl-4"/>
      </object_component>
      <object_component id="oc-d7">
         <name>.data:LCDbottomMessage</name>
         <load_address>0x20000034</load_address>
         <run_address>0x20000034</run_address>
         <size>0x11</size>
         <input_file_ref idref="fl-4"/>
      </object_component>
      <object_component id="oc-d1">
         <name>.data:TerminalPMessage</name>
         <load_address>0x20000000</load_address>
         <run_address>0x20000000</run_address>
         <size>0x34</size>
         <input_file_ref idref="fl-4"/>
      </object_component>
      <object_component id="oc-19d">
         <name>.data</name>
         <load_address>0x20000068</load_address>
         <run_address>0x20000068</run_address>
         <size>0x8</size>
         <input_file_ref idref="fl-6"/>
      </object_component>
      <object_component id="oc-13b">
         <name>.data</name>
         <load_address>0x20000078</load_address>
         <run_address>0x20000078</run_address>
         <size>0x4</size>
         <input_file_ref idref="fl-7"/>
      </object_component>
      <object_component id="oc-b2">
         <name>.data</name>
         <load_address>0x20000056</load_address>
         <run_address>0x20000056</run_address>
         <size>0x1</size>
         <input_file_ref idref="fl-8"/>
      </object_component>
      <object_component id="oc-e1">
         <name>.common:RXDataPointer</name>
         <uninitialized>true</uninitialized>
         <run_address>0x20000088</run_address>
         <size>0x1</size>
      </object_component>
      <object_component id="oc-e0">
         <name>.common:TXDataPointer</name>
         <uninitialized>true</uninitialized>
         <run_address>0x20000089</run_address>
         <size>0x1</size>
      </object_component>
      <object_component id="oc-de">
         <name>.common:Ax</name>
         <uninitialized>true</uninitialized>
         <run_address>0x20000084</run_address>
         <size>0x2</size>
      </object_component>
      <object_component id="oc-df">
         <name>.common:Ay</name>
         <uninitialized>true</uninitialized>
         <run_address>0x20000086</run_address>
         <size>0x2</size>
      </object_component>
      <object_component id="oc-d4">
         <name>.common:Gx1000x</name>
         <uninitialized>true</uninitialized>
         <run_address>0x2000007c</run_address>
         <size>0x4</size>
      </object_component>
      <object_component id="oc-da">
         <name>.common:Gy1000x</name>
         <uninitialized>true</uninitialized>
         <run_address>0x20000080</run_address>
         <size>0x4</size>
      </object_component>
      <object_component id="oc-29">
         <name>.stack</name>
         <uninitialized>true</uninitialized>
         <run_address>0x2003fe00</run_address>
         <size>0x4</size>
         <input_file_ref idref="fl-c7"/>
      </object_component>
      <object_component id="oc-218">
         <name>.stack</name>
         <uninitialized>true</uninitialized>
         <run_address>0x2003fe00</run_address>
         <size>0x0</size>
      </object_component>
      <object_component id="oc-170">
         <name>.debug_info</name>
         <load_address>0x0</load_address>
         <run_address>0x0</run_address>
         <size>0x5a9</size>
         <input_file_ref idref="fl-2"/>
      </object_component>
      <object_component id="oc-c0">
         <name>.debug_info</name>
         <load_address>0x5a9</load_address>
         <run_address>0x5a9</run_address>
         <size>0x19a</size>
         <input_file_ref idref="fl-2"/>
      </object_component>
      <object_component id="oc-1a5">
         <name>.debug_info</name>
         <load_address>0x743</load_address>
         <run_address>0x743</run_address>
         <size>0x3c27</size>
         <input_file_ref idref="fl-2"/>
      </object_component>
      <object_component id="oc-e8">
         <name>.debug_info</name>
         <load_address>0x436a</load_address>
         <run_address>0x436a</run_address>
         <size>0x26b</size>
         <input_file_ref idref="fl-2"/>
      </object_component>
      <object_component id="oc-14a">
         <name>.debug_info</name>
         <load_address>0x45d5</load_address>
         <run_address>0x45d5</run_address>
         <size>0x1055</size>
         <input_file_ref idref="fl-2"/>
      </object_component>
      <object_component id="oc-32">
         <name>.debug_info</name>
         <load_address>0x562a</load_address>
         <run_address>0x562a</run_address>
         <size>0x84</size>
         <input_file_ref idref="fl-2"/>
      </object_component>
      <object_component id="oc-14f">
         <name>.debug_info</name>
         <load_address>0x56ae</load_address>
         <run_address>0x56ae</run_address>
         <size>0x2a4</size>
         <input_file_ref idref="fl-2"/>
      </object_component>
      <object_component id="oc-ba">
         <name>.debug_info</name>
         <load_address>0x5952</load_address>
         <run_address>0x5952</run_address>
         <size>0xbb</size>
         <input_file_ref idref="fl-2"/>
      </object_component>
      <object_component id="oc-15c">
         <name>.debug_info</name>
         <load_address>0x5a0d</load_address>
         <run_address>0x5a0d</run_address>
         <size>0x63a</size>
         <input_file_ref idref="fl-3"/>
      </object_component>
      <object_component id="oc-c6">
         <name>.debug_info</name>
         <load_address>0x6047</load_address>
         <run_address>0x6047</run_address>
         <size>0x8d2</size>
         <input_file_ref idref="fl-3"/>
      </object_component>
      <object_component id="oc-145">
         <name>.debug_info</name>
         <load_address>0x6919</load_address>
         <run_address>0x6919</run_address>
         <size>0x3c27</size>
         <input_file_ref idref="fl-3"/>
      </object_component>
      <object_component id="oc-d5">
         <name>.debug_info</name>
         <load_address>0xa540</load_address>
         <run_address>0xa540</run_address>
         <size>0x793</size>
         <input_file_ref idref="fl-4"/>
      </object_component>
      <object_component id="oc-cc">
         <name>.debug_info</name>
         <load_address>0xacd3</load_address>
         <run_address>0xacd3</run_address>
         <size>0x113</size>
         <input_file_ref idref="fl-4"/>
      </object_component>
      <object_component id="oc-cf">
         <name>.debug_info</name>
         <load_address>0xade6</load_address>
         <run_address>0xade6</run_address>
         <size>0x1fc</size>
         <input_file_ref idref="fl-4"/>
      </object_component>
      <object_component id="oc-e3">
         <name>.debug_info</name>
         <load_address>0xafe2</load_address>
         <run_address>0xafe2</run_address>
         <size>0x114</size>
         <input_file_ref idref="fl-4"/>
      </object_component>
      <object_component id="oc-dc">
         <name>.debug_info</name>
         <load_address>0xb0f6</load_address>
         <run_address>0xb0f6</run_address>
         <size>0x122</size>
         <input_file_ref idref="fl-4"/>
      </object_component>
      <object_component id="oc-d8">
         <name>.debug_info</name>
         <load_address>0xb218</load_address>
         <run_address>0xb218</run_address>
         <size>0x128</size>
         <input_file_ref idref="fl-4"/>
      </object_component>
      <object_component id="oc-d2">
         <name>.debug_info</name>
         <load_address>0xb340</load_address>
         <run_address>0xb340</run_address>
         <size>0x128</size>
         <input_file_ref idref="fl-4"/>
      </object_component>
      <object_component id="oc-76">
         <name>.debug_info</name>
         <load_address>0xb468</load_address>
         <run_address>0xb468</run_address>
         <size>0x60f</size>
         <input_file_ref idref="fl-4"/>
      </object_component>
      <object_component id="oc-165">
         <name>.debug_info</name>
         <load_address>0xba77</load_address>
         <run_address>0xba77</run_address>
         <size>0x35</size>
         <input_file_ref idref="fl-4"/>
      </object_component>
      <object_component id="oc-7b">
         <name>.debug_info</name>
         <load_address>0xbaac</load_address>
         <run_address>0xbaac</run_address>
         <size>0x30f</size>
         <input_file_ref idref="fl-5"/>
      </object_component>
      <object_component id="oc-27">
         <name>.debug_info</name>
         <load_address>0xbdbb</load_address>
         <run_address>0xbdbb</run_address>
         <size>0x13b</size>
         <input_file_ref idref="fl-5"/>
      </object_component>
      <object_component id="oc-69">
         <name>.debug_info</name>
         <load_address>0xbef6</load_address>
         <run_address>0xbef6</run_address>
         <size>0x202</size>
         <input_file_ref idref="fl-5"/>
      </object_component>
      <object_component id="oc-19e">
         <name>.debug_info</name>
         <load_address>0xc0f8</load_address>
         <run_address>0xc0f8</run_address>
         <size>0x125</size>
         <input_file_ref idref="fl-6"/>
      </object_component>
      <object_component id="oc-156">
         <name>.debug_info</name>
         <load_address>0xc21d</load_address>
         <run_address>0xc21d</run_address>
         <size>0x2fd</size>
         <input_file_ref idref="fl-6"/>
      </object_component>
      <object_component id="oc-13c">
         <name>.debug_info</name>
         <load_address>0xc51a</load_address>
         <run_address>0xc51a</run_address>
         <size>0x134</size>
         <input_file_ref idref="fl-7"/>
      </object_component>
      <object_component id="oc-ac">
         <name>.debug_info</name>
         <load_address>0xc64e</load_address>
         <run_address>0xc64e</run_address>
         <size>0x2a6</size>
         <input_file_ref idref="fl-7"/>
      </object_component>
      <object_component id="oc-b9">
         <name>.debug_info</name>
         <load_address>0xc8f4</load_address>
         <run_address>0xc8f4</run_address>
         <size>0x5c4</size>
         <input_file_ref idref="fl-8"/>
      </object_component>
      <object_component id="oc-b6">
         <name>.debug_info</name>
         <load_address>0xceb8</load_address>
         <run_address>0xceb8</run_address>
         <size>0x119</size>
         <input_file_ref idref="fl-8"/>
      </object_component>
      <object_component id="oc-b3">
         <name>.debug_info</name>
         <load_address>0xcfd1</load_address>
         <run_address>0xcfd1</run_address>
         <size>0x11b</size>
         <input_file_ref idref="fl-8"/>
      </object_component>
      <object_component id="oc-6e">
         <name>.debug_info</name>
         <load_address>0xd0ec</load_address>
         <run_address>0xd0ec</run_address>
         <size>0x320</size>
         <input_file_ref idref="fl-8"/>
      </object_component>
      <object_component id="oc-196">
         <name>.debug_info</name>
         <load_address>0xd40c</load_address>
         <run_address>0xd40c</run_address>
         <size>0x122</size>
         <input_file_ref idref="fl-c2"/>
      </object_component>
      <object_component id="oc-199">
         <name>.debug_info</name>
         <load_address>0xd52e</load_address>
         <run_address>0xd52e</run_address>
         <size>0x134</size>
         <input_file_ref idref="fl-c3"/>
      </object_component>
      <object_component id="oc-92">
         <name>.debug_info</name>
         <load_address>0xd662</load_address>
         <run_address>0xd662</run_address>
         <size>0x2d4</size>
         <input_file_ref idref="fl-c4"/>
      </object_component>
      <object_component id="oc-45">
         <name>.debug_info</name>
         <load_address>0xd936</load_address>
         <run_address>0xd936</run_address>
         <size>0x1d2</size>
         <input_file_ref idref="fl-c4"/>
      </object_component>
      <object_component id="oc-8d">
         <name>.debug_info</name>
         <load_address>0xdb08</load_address>
         <run_address>0xdb08</run_address>
         <size>0x46</size>
         <input_file_ref idref="fl-c4"/>
      </object_component>
      <object_component id="oc-f4">
         <name>.debug_info</name>
         <load_address>0xdb4e</load_address>
         <run_address>0xdb4e</run_address>
         <size>0x2c</size>
         <input_file_ref idref="fl-c4"/>
      </object_component>
      <object_component id="oc-42">
         <name>.debug_info</name>
         <load_address>0xdb7a</load_address>
         <run_address>0xdb7a</run_address>
         <size>0x2a8</size>
         <input_file_ref idref="fl-c5"/>
      </object_component>
      <object_component id="oc-1e">
         <name>.debug_info</name>
         <load_address>0xde22</load_address>
         <run_address>0xde22</run_address>
         <size>0x1ea</size>
         <input_file_ref idref="fl-c5"/>
      </object_component>
      <object_component id="oc-3d">
         <name>.debug_info</name>
         <load_address>0xe00c</load_address>
         <run_address>0xe00c</run_address>
         <size>0x46</size>
         <input_file_ref idref="fl-c5"/>
      </object_component>
      <object_component id="oc-85">
         <name>.debug_info</name>
         <load_address>0xe052</load_address>
         <run_address>0xe052</run_address>
         <size>0x2c</size>
         <input_file_ref idref="fl-c5"/>
      </object_component>
      <object_component id="oc-83">
         <name>.debug_info</name>
         <load_address>0xe07e</load_address>
         <run_address>0xe07e</run_address>
         <size>0x29e</size>
         <input_file_ref idref="fl-c6"/>
      </object_component>
      <object_component id="oc-19">
         <name>.debug_info</name>
         <load_address>0xe31c</load_address>
         <run_address>0xe31c</run_address>
         <size>0x250</size>
         <input_file_ref idref="fl-c6"/>
      </object_component>
      <object_component id="oc-2d">
         <name>.debug_info</name>
         <load_address>0xe56c</load_address>
         <run_address>0xe56c</run_address>
         <size>0x60</size>
         <input_file_ref idref="fl-c6"/>
      </object_component>
      <object_component id="oc-ed">
         <name>.debug_info</name>
         <load_address>0xe5cc</load_address>
         <run_address>0xe5cc</run_address>
         <size>0x46</size>
         <input_file_ref idref="fl-c6"/>
      </object_component>
      <object_component id="oc-7e">
         <name>.debug_info</name>
         <load_address>0xe612</load_address>
         <run_address>0xe612</run_address>
         <size>0x39</size>
         <input_file_ref idref="fl-c6"/>
      </object_component>
      <object_component id="oc-2a">
         <name>.debug_info</name>
         <load_address>0xe64b</load_address>
         <run_address>0xe64b</run_address>
         <size>0x10b</size>
         <input_file_ref idref="fl-c7"/>
      </object_component>
      <object_component id="oc-59">
         <name>.debug_info</name>
         <load_address>0xe756</load_address>
         <run_address>0xe756</run_address>
         <size>0x1a9</size>
         <input_file_ref idref="fl-c7"/>
      </object_component>
      <object_component id="oc-1cd">
         <name>.debug_info</name>
         <load_address>0xe8ff</load_address>
         <run_address>0xe8ff</run_address>
         <size>0x115</size>
         <input_file_ref idref="fl-c8"/>
      </object_component>
      <object_component id="oc-39">
         <name>.debug_info</name>
         <load_address>0xea14</load_address>
         <run_address>0xea14</run_address>
         <size>0x119</size>
         <input_file_ref idref="fl-c9"/>
      </object_component>
      <object_component id="oc-17c">
         <name>.debug_info</name>
         <load_address>0xeb2d</load_address>
         <run_address>0xeb2d</run_address>
         <size>0x4b3</size>
         <input_file_ref idref="fl-cb"/>
      </object_component>
      <object_component id="oc-10d">
         <name>.debug_info</name>
         <load_address>0xefe0</load_address>
         <run_address>0xefe0</run_address>
         <size>0x1a6</size>
         <input_file_ref idref="fl-cb"/>
      </object_component>
      <object_component id="oc-1ba">
         <name>.debug_info</name>
         <load_address>0xf186</load_address>
         <run_address>0xf186</run_address>
         <size>0x39</size>
         <input_file_ref idref="fl-cb"/>
      </object_component>
      <object_component id="oc-1d7">
         <name>.debug_info</name>
         <load_address>0xf1bf</load_address>
         <run_address>0xf1bf</run_address>
         <size>0x39</size>
         <input_file_ref idref="fl-cb"/>
      </object_component>
      <object_component id="oc-1bf">
         <name>.debug_info</name>
         <load_address>0xf1f8</load_address>
         <run_address>0xf1f8</run_address>
         <size>0x39</size>
         <input_file_ref idref="fl-cb"/>
      </object_component>
      <object_component id="oc-1c4">
         <name>.debug_info</name>
         <load_address>0xf231</load_address>
         <run_address>0xf231</run_address>
         <size>0xcd</size>
         <input_file_ref idref="fl-cb"/>
      </object_component>
      <object_component id="oc-9c">
         <name>.debug_info</name>
         <load_address>0xf2fe</load_address>
         <run_address>0xf2fe</run_address>
         <size>0x153</size>
         <input_file_ref idref="fl-cc"/>
      </object_component>
      <object_component id="oc-ff">
         <name>.debug_info</name>
         <load_address>0xf451</load_address>
         <run_address>0xf451</run_address>
         <size>0x122</size>
         <input_file_ref idref="fl-ce"/>
      </object_component>
      <object_component id="oc-219">
         <name>.debug_info</name>
         <load_address>0xf573</load_address>
         <run_address>0xf573</run_address>
         <size>0xe7</size>
      </object_component>
      <object_component id="oc-1a4">
         <name>.debug_line</name>
         <load_address>0x0</load_address>
         <run_address>0x0</run_address>
         <size>0x20</size>
         <input_file_ref idref="fl-2"/>
      </object_component>
      <object_component id="oc-c3">
         <name>.debug_line</name>
         <load_address>0x20</load_address>
         <run_address>0x20</run_address>
         <size>0x7a</size>
         <input_file_ref idref="fl-2"/>
      </object_component>
      <object_component id="oc-1a8">
         <name>.debug_line</name>
         <load_address>0x9a</load_address>
         <run_address>0x9a</run_address>
         <size>0x58</size>
         <input_file_ref idref="fl-2"/>
      </object_component>
      <object_component id="oc-eb">
         <name>.debug_line</name>
         <load_address>0xf2</load_address>
         <run_address>0xf2</run_address>
         <size>0x6f</size>
         <input_file_ref idref="fl-2"/>
      </object_component>
      <object_component id="oc-14d">
         <name>.debug_line</name>
         <load_address>0x161</load_address>
         <run_address>0x161</run_address>
         <size>0x5b</size>
         <input_file_ref idref="fl-2"/>
      </object_component>
      <object_component id="oc-35">
         <name>.debug_line</name>
         <load_address>0x1bc</load_address>
         <run_address>0x1bc</run_address>
         <size>0x20</size>
         <input_file_ref idref="fl-2"/>
      </object_component>
      <object_component id="oc-152">
         <name>.debug_line</name>
         <load_address>0x1dc</load_address>
         <run_address>0x1dc</run_address>
         <size>0x73</size>
         <input_file_ref idref="fl-2"/>
      </object_component>
      <object_component id="oc-bd">
         <name>.debug_line</name>
         <load_address>0x24f</load_address>
         <run_address>0x24f</run_address>
         <size>0x70</size>
         <input_file_ref idref="fl-2"/>
      </object_component>
      <object_component id="oc-1a2">
         <name>.debug_line</name>
         <load_address>0x2bf</load_address>
         <run_address>0x2bf</run_address>
         <size>0x36</size>
         <input_file_ref idref="fl-3"/>
      </object_component>
      <object_component id="oc-c9">
         <name>.debug_line</name>
         <load_address>0x2f5</load_address>
         <run_address>0x2f5</run_address>
         <size>0x177</size>
         <input_file_ref idref="fl-3"/>
      </object_component>
      <object_component id="oc-148">
         <name>.debug_line</name>
         <load_address>0x46c</load_address>
         <run_address>0x46c</run_address>
         <size>0x58</size>
         <input_file_ref idref="fl-3"/>
      </object_component>
      <object_component id="oc-164">
         <name>.debug_line</name>
         <load_address>0x4c4</load_address>
         <run_address>0x4c4</run_address>
         <size>0x59</size>
         <input_file_ref idref="fl-4"/>
      </object_component>
      <object_component id="oc-15e">
         <name>.debug_line</name>
         <load_address>0x51d</load_address>
         <run_address>0x51d</run_address>
         <size>0x31</size>
         <input_file_ref idref="fl-4"/>
      </object_component>
      <object_component id="oc-160">
         <name>.debug_line</name>
         <load_address>0x54e</load_address>
         <run_address>0x54e</run_address>
         <size>0x3e</size>
         <input_file_ref idref="fl-4"/>
      </object_component>
      <object_component id="oc-16f">
         <name>.debug_line</name>
         <load_address>0x58c</load_address>
         <run_address>0x58c</run_address>
         <size>0x2d</size>
         <input_file_ref idref="fl-4"/>
      </object_component>
      <object_component id="oc-16d">
         <name>.debug_line</name>
         <load_address>0x5b9</load_address>
         <run_address>0x5b9</run_address>
         <size>0x2d</size>
         <input_file_ref idref="fl-4"/>
      </object_component>
      <object_component id="oc-16b">
         <name>.debug_line</name>
         <load_address>0x5e6</load_address>
         <run_address>0x5e6</run_address>
         <size>0x2d</size>
         <input_file_ref idref="fl-4"/>
      </object_component>
      <object_component id="oc-162">
         <name>.debug_line</name>
         <load_address>0x613</load_address>
         <run_address>0x613</run_address>
         <size>0x2d</size>
         <input_file_ref idref="fl-4"/>
      </object_component>
      <object_component id="oc-74">
         <name>.debug_line</name>
         <load_address>0x640</load_address>
         <run_address>0x640</run_address>
         <size>0x1f1</size>
         <input_file_ref idref="fl-4"/>
      </object_component>
      <object_component id="oc-168">
         <name>.debug_line</name>
         <load_address>0x831</load_address>
         <run_address>0x831</run_address>
         <size>0x74</size>
         <input_file_ref idref="fl-4"/>
      </object_component>
      <object_component id="oc-e7">
         <name>.debug_line</name>
         <load_address>0x8a5</load_address>
         <run_address>0x8a5</run_address>
         <size>0x40</size>
         <input_file_ref idref="fl-5"/>
      </object_component>
      <object_component id="oc-7a">
         <name>.debug_line</name>
         <load_address>0x8e5</load_address>
         <run_address>0x8e5</run_address>
         <size>0x40</size>
         <input_file_ref idref="fl-5"/>
      </object_component>
      <object_component id="oc-68">
         <name>.debug_line</name>
         <load_address>0x925</load_address>
         <run_address>0x925</run_address>
         <size>0x71</size>
         <input_file_ref idref="fl-5"/>
      </object_component>
      <object_component id="oc-1d3">
         <name>.debug_line</name>
         <load_address>0x996</load_address>
         <run_address>0x996</run_address>
         <size>0x36</size>
         <input_file_ref idref="fl-6"/>
      </object_component>
      <object_component id="oc-159">
         <name>.debug_line</name>
         <load_address>0x9cc</load_address>
         <run_address>0x9cc</run_address>
         <size>0x9a</size>
         <input_file_ref idref="fl-6"/>
      </object_component>
      <object_component id="oc-192">
         <name>.debug_line</name>
         <load_address>0xa66</load_address>
         <run_address>0xa66</run_address>
         <size>0x3b</size>
         <input_file_ref idref="fl-7"/>
      </object_component>
      <object_component id="oc-b0">
         <name>.debug_line</name>
         <load_address>0xaa1</load_address>
         <run_address>0xaa1</run_address>
         <size>0x140</size>
         <input_file_ref idref="fl-7"/>
      </object_component>
      <object_component id="oc-144">
         <name>.debug_line</name>
         <load_address>0xbe1</load_address>
         <run_address>0xbe1</run_address>
         <size>0x20</size>
         <input_file_ref idref="fl-8"/>
      </object_component>
      <object_component id="oc-142">
         <name>.debug_line</name>
         <load_address>0xc01</load_address>
         <run_address>0xc01</run_address>
         <size>0x31</size>
         <input_file_ref idref="fl-8"/>
      </object_component>
      <object_component id="oc-140">
         <name>.debug_line</name>
         <load_address>0xc32</load_address>
         <run_address>0xc32</run_address>
         <size>0x31</size>
         <input_file_ref idref="fl-8"/>
      </object_component>
      <object_component id="oc-72">
         <name>.debug_line</name>
         <load_address>0xc63</load_address>
         <run_address>0xc63</run_address>
         <size>0xd9</size>
         <input_file_ref idref="fl-8"/>
      </object_component>
      <object_component id="oc-195">
         <name>.debug_line</name>
         <load_address>0xd3c</load_address>
         <run_address>0xd3c</run_address>
         <size>0x43</size>
         <input_file_ref idref="fl-c2"/>
      </object_component>
      <object_component id="oc-19c">
         <name>.debug_line</name>
         <load_address>0xd7f</load_address>
         <run_address>0xd7f</run_address>
         <size>0x81</size>
         <input_file_ref idref="fl-c3"/>
      </object_component>
      <object_component id="oc-fa">
         <name>.debug_line</name>
         <load_address>0xe00</load_address>
         <run_address>0xe00</run_address>
         <size>0x92</size>
         <input_file_ref idref="fl-c4"/>
      </object_component>
      <object_component id="oc-48">
         <name>.debug_line</name>
         <load_address>0xe92</load_address>
         <run_address>0xe92</run_address>
         <size>0x4c</size>
         <input_file_ref idref="fl-c4"/>
      </object_component>
      <object_component id="oc-90">
         <name>.debug_line</name>
         <load_address>0xede</load_address>
         <run_address>0xede</run_address>
         <size>0x34</size>
         <input_file_ref idref="fl-c4"/>
      </object_component>
      <object_component id="oc-f7">
         <name>.debug_line</name>
         <load_address>0xf12</load_address>
         <run_address>0xf12</run_address>
         <size>0x92</size>
         <input_file_ref idref="fl-c4"/>
      </object_component>
      <object_component id="oc-8b">
         <name>.debug_line</name>
         <load_address>0xfa4</load_address>
         <run_address>0xfa4</run_address>
         <size>0x20</size>
         <input_file_ref idref="fl-c5"/>
      </object_component>
      <object_component id="oc-21">
         <name>.debug_line</name>
         <load_address>0xfc4</load_address>
         <run_address>0xfc4</run_address>
         <size>0x55</size>
         <input_file_ref idref="fl-c5"/>
      </object_component>
      <object_component id="oc-40">
         <name>.debug_line</name>
         <load_address>0x1019</load_address>
         <run_address>0x1019</run_address>
         <size>0x3a</size>
         <input_file_ref idref="fl-c5"/>
      </object_component>
      <object_component id="oc-88">
         <name>.debug_line</name>
         <load_address>0x1053</load_address>
         <run_address>0x1053</run_address>
         <size>0x92</size>
         <input_file_ref idref="fl-c5"/>
      </object_component>
      <object_component id="oc-f3">
         <name>.debug_line</name>
         <load_address>0x10e5</load_address>
         <run_address>0x10e5</run_address>
         <size>0x20</size>
         <input_file_ref idref="fl-c6"/>
      </object_component>
      <object_component id="oc-1c">
         <name>.debug_line</name>
         <load_address>0x1105</load_address>
         <run_address>0x1105</run_address>
         <size>0xa9</size>
         <input_file_ref idref="fl-c6"/>
      </object_component>
      <object_component id="oc-30">
         <name>.debug_line</name>
         <load_address>0x11ae</load_address>
         <run_address>0x11ae</run_address>
         <size>0x3a</size>
         <input_file_ref idref="fl-c6"/>
      </object_component>
      <object_component id="oc-f0">
         <name>.debug_line</name>
         <load_address>0x11e8</load_address>
         <run_address>0x11e8</run_address>
         <size>0x9a</size>
         <input_file_ref idref="fl-c6"/>
      </object_component>
      <object_component id="oc-81">
         <name>.debug_line</name>
         <load_address>0x1282</load_address>
         <run_address>0x1282</run_address>
         <size>0x96</size>
         <input_file_ref idref="fl-c6"/>
      </object_component>
      <object_component id="oc-7d">
         <name>.debug_line</name>
         <load_address>0x1318</load_address>
         <run_address>0x1318</run_address>
         <size>0x33</size>
         <input_file_ref idref="fl-c7"/>
      </object_component>
      <object_component id="oc-56">
         <name>.debug_line</name>
         <load_address>0x134b</load_address>
         <run_address>0x134b</run_address>
         <size>0x45</size>
         <input_file_ref idref="fl-c7"/>
      </object_component>
      <object_component id="oc-1d0">
         <name>.debug_line</name>
         <load_address>0x1390</load_address>
         <run_address>0x1390</run_address>
         <size>0x37</size>
         <input_file_ref idref="fl-c8"/>
      </object_component>
      <object_component id="oc-3b">
         <name>.debug_line</name>
         <load_address>0x13c7</load_address>
         <run_address>0x13c7</run_address>
         <size>0x88</size>
         <input_file_ref idref="fl-c9"/>
      </object_component>
      <object_component id="oc-1b9">
         <name>.debug_line</name>
         <load_address>0x144f</load_address>
         <run_address>0x144f</run_address>
         <size>0xbf</size>
         <input_file_ref idref="fl-cb"/>
      </object_component>
      <object_component id="oc-10c">
         <name>.debug_line</name>
         <load_address>0x150e</load_address>
         <run_address>0x150e</run_address>
         <size>0x6f</size>
         <input_file_ref idref="fl-cb"/>
      </object_component>
      <object_component id="oc-1bd">
         <name>.debug_line</name>
         <load_address>0x157d</load_address>
         <run_address>0x157d</run_address>
         <size>0x2e</size>
         <input_file_ref idref="fl-cb"/>
      </object_component>
      <object_component id="oc-1da">
         <name>.debug_line</name>
         <load_address>0x15ab</load_address>
         <run_address>0x15ab</run_address>
         <size>0x9a</size>
         <input_file_ref idref="fl-cb"/>
      </object_component>
      <object_component id="oc-1c2">
         <name>.debug_line</name>
         <load_address>0x1645</load_address>
         <run_address>0x1645</run_address>
         <size>0x97</size>
         <input_file_ref idref="fl-cb"/>
      </object_component>
      <object_component id="oc-1c7">
         <name>.debug_line</name>
         <load_address>0x16dc</load_address>
         <run_address>0x16dc</run_address>
         <size>0x93</size>
         <input_file_ref idref="fl-cb"/>
      </object_component>
      <object_component id="oc-9a">
         <name>.debug_line</name>
         <load_address>0x176f</load_address>
         <run_address>0x176f</run_address>
         <size>0x40</size>
         <input_file_ref idref="fl-cc"/>
      </object_component>
      <object_component id="oc-102">
         <name>.debug_line</name>
         <load_address>0x17af</load_address>
         <run_address>0x17af</run_address>
         <size>0x3c</size>
         <input_file_ref idref="fl-ce"/>
      </object_component>
      <object_component id="oc-c4">
         <name>.debug_frame</name>
         <load_address>0x0</load_address>
         <run_address>0x0</run_address>
         <size>0x70</size>
         <input_file_ref idref="fl-2"/>
      </object_component>
      <object_component id="oc-ca">
         <name>.debug_frame</name>
         <load_address>0x70</load_address>
         <run_address>0x70</run_address>
         <size>0x134</size>
         <input_file_ref idref="fl-3"/>
      </object_component>
      <object_component id="oc-75">
         <name>.debug_frame</name>
         <load_address>0x1a4</load_address>
         <run_address>0x1a4</run_address>
         <size>0xd4</size>
         <input_file_ref idref="fl-4"/>
      </object_component>
      <object_component id="oc-6c">
         <name>.debug_frame</name>
         <load_address>0x278</load_address>
         <run_address>0x278</run_address>
         <size>0x6c</size>
         <input_file_ref idref="fl-5"/>
      </object_component>
      <object_component id="oc-15a">
         <name>.debug_frame</name>
         <load_address>0x2e4</load_address>
         <run_address>0x2e4</run_address>
         <size>0x8c</size>
         <input_file_ref idref="fl-6"/>
      </object_component>
      <object_component id="oc-af">
         <name>.debug_frame</name>
         <load_address>0x370</load_address>
         <run_address>0x370</run_address>
         <size>0x70</size>
         <input_file_ref idref="fl-7"/>
      </object_component>
      <object_component id="oc-71">
         <name>.debug_frame</name>
         <load_address>0x3e0</load_address>
         <run_address>0x3e0</run_address>
         <size>0x98</size>
         <input_file_ref idref="fl-8"/>
      </object_component>
      <object_component id="oc-44">
         <name>.debug_frame</name>
         <load_address>0x478</load_address>
         <run_address>0x478</run_address>
         <size>0x54</size>
         <input_file_ref idref="fl-c4"/>
      </object_component>
      <object_component id="oc-22">
         <name>.debug_frame</name>
         <load_address>0x4cc</load_address>
         <run_address>0x4cc</run_address>
         <size>0x54</size>
         <input_file_ref idref="fl-c5"/>
      </object_component>
      <object_component id="oc-1b">
         <name>.debug_frame</name>
         <load_address>0x520</load_address>
         <run_address>0x520</run_address>
         <size>0x60</size>
         <input_file_ref idref="fl-c6"/>
      </object_component>
      <object_component id="oc-58">
         <name>.debug_frame</name>
         <load_address>0x580</load_address>
         <run_address>0x580</run_address>
         <size>0x50</size>
         <input_file_ref idref="fl-c7"/>
      </object_component>
      <object_component id="oc-10b">
         <name>.debug_frame</name>
         <load_address>0x5d0</load_address>
         <run_address>0x5d0</run_address>
         <size>0x5c</size>
         <input_file_ref idref="fl-cb"/>
      </object_component>
      <object_component id="oc-9e">
         <name>.debug_frame</name>
         <load_address>0x62c</load_address>
         <run_address>0x62c</run_address>
         <size>0x54</size>
         <input_file_ref idref="fl-cc"/>
      </object_component>
      <object_component id="oc-fe">
         <name>.debug_frame</name>
         <load_address>0x680</load_address>
         <run_address>0x680</run_address>
         <size>0x54</size>
         <input_file_ref idref="fl-ce"/>
      </object_component>
      <object_component id="oc-1a3">
         <name>.debug_abbrev</name>
         <load_address>0x0</load_address>
         <run_address>0x0</run_address>
         <size>0x71</size>
         <input_file_ref idref="fl-2"/>
      </object_component>
      <object_component id="oc-154">
         <name>.debug_abbrev</name>
         <load_address>0x71</load_address>
         <run_address>0x71</run_address>
         <size>0x89</size>
         <input_file_ref idref="fl-2"/>
      </object_component>
      <object_component id="oc-1a7">
         <name>.debug_abbrev</name>
         <load_address>0xfa</load_address>
         <run_address>0xfa</run_address>
         <size>0xbd</size>
         <input_file_ref idref="fl-2"/>
      </object_component>
      <object_component id="oc-ea">
         <name>.debug_abbrev</name>
         <load_address>0x1b7</load_address>
         <run_address>0x1b7</run_address>
         <size>0x69</size>
         <input_file_ref idref="fl-2"/>
      </object_component>
      <object_component id="oc-14c">
         <name>.debug_abbrev</name>
         <load_address>0x220</load_address>
         <run_address>0x220</run_address>
         <size>0x97</size>
         <input_file_ref idref="fl-2"/>
      </object_component>
      <object_component id="oc-34">
         <name>.debug_abbrev</name>
         <load_address>0x2b7</load_address>
         <run_address>0x2b7</run_address>
         <size>0x1f</size>
         <input_file_ref idref="fl-2"/>
      </object_component>
      <object_component id="oc-151">
         <name>.debug_abbrev</name>
         <load_address>0x2d6</load_address>
         <run_address>0x2d6</run_address>
         <size>0x5c</size>
         <input_file_ref idref="fl-2"/>
      </object_component>
      <object_component id="oc-bc">
         <name>.debug_abbrev</name>
         <load_address>0x332</load_address>
         <run_address>0x332</run_address>
         <size>0x24</size>
         <input_file_ref idref="fl-2"/>
      </object_component>
      <object_component id="oc-1a1">
         <name>.debug_abbrev</name>
         <load_address>0x356</load_address>
         <run_address>0x356</run_address>
         <size>0xa6</size>
         <input_file_ref idref="fl-3"/>
      </object_component>
      <object_component id="oc-15b">
         <name>.debug_abbrev</name>
         <load_address>0x3fc</load_address>
         <run_address>0x3fc</run_address>
         <size>0x7a</size>
         <input_file_ref idref="fl-3"/>
      </object_component>
      <object_component id="oc-147">
         <name>.debug_abbrev</name>
         <load_address>0x476</load_address>
         <run_address>0x476</run_address>
         <size>0xbd</size>
         <input_file_ref idref="fl-3"/>
      </object_component>
      <object_component id="oc-163">
         <name>.debug_abbrev</name>
         <load_address>0x533</load_address>
         <run_address>0x533</run_address>
         <size>0xc8</size>
         <input_file_ref idref="fl-4"/>
      </object_component>
      <object_component id="oc-15d">
         <name>.debug_abbrev</name>
         <load_address>0x5fb</load_address>
         <run_address>0x5fb</run_address>
         <size>0x27</size>
         <input_file_ref idref="fl-4"/>
      </object_component>
      <object_component id="oc-15f">
         <name>.debug_abbrev</name>
         <load_address>0x622</load_address>
         <run_address>0x622</run_address>
         <size>0x3d</size>
         <input_file_ref idref="fl-4"/>
      </object_component>
      <object_component id="oc-16e">
         <name>.debug_abbrev</name>
         <load_address>0x65f</load_address>
         <run_address>0x65f</run_address>
         <size>0x29</size>
         <input_file_ref idref="fl-4"/>
      </object_component>
      <object_component id="oc-16c">
         <name>.debug_abbrev</name>
         <load_address>0x688</load_address>
         <run_address>0x688</run_address>
         <size>0x29</size>
         <input_file_ref idref="fl-4"/>
      </object_component>
      <object_component id="oc-16a">
         <name>.debug_abbrev</name>
         <load_address>0x6b1</load_address>
         <run_address>0x6b1</run_address>
         <size>0x29</size>
         <input_file_ref idref="fl-4"/>
      </object_component>
      <object_component id="oc-161">
         <name>.debug_abbrev</name>
         <load_address>0x6da</load_address>
         <run_address>0x6da</run_address>
         <size>0x29</size>
         <input_file_ref idref="fl-4"/>
      </object_component>
      <object_component id="oc-e5">
         <name>.debug_abbrev</name>
         <load_address>0x703</load_address>
         <run_address>0x703</run_address>
         <size>0xa7</size>
         <input_file_ref idref="fl-4"/>
      </object_component>
      <object_component id="oc-167">
         <name>.debug_abbrev</name>
         <load_address>0x7aa</load_address>
         <run_address>0x7aa</run_address>
         <size>0x33</size>
         <input_file_ref idref="fl-4"/>
      </object_component>
      <object_component id="oc-e6">
         <name>.debug_abbrev</name>
         <load_address>0x7dd</load_address>
         <run_address>0x7dd</run_address>
         <size>0x7c</size>
         <input_file_ref idref="fl-5"/>
      </object_component>
      <object_component id="oc-79">
         <name>.debug_abbrev</name>
         <load_address>0x859</load_address>
         <run_address>0x859</run_address>
         <size>0x29</size>
         <input_file_ref idref="fl-5"/>
      </object_component>
      <object_component id="oc-b1">
         <name>.debug_abbrev</name>
         <load_address>0x882</load_address>
         <run_address>0x882</run_address>
         <size>0x89</size>
         <input_file_ref idref="fl-5"/>
      </object_component>
      <object_component id="oc-1d2">
         <name>.debug_abbrev</name>
         <load_address>0x90b</load_address>
         <run_address>0x90b</run_address>
         <size>0x29</size>
         <input_file_ref idref="fl-6"/>
      </object_component>
      <object_component id="oc-1a0">
         <name>.debug_abbrev</name>
         <load_address>0x934</load_address>
         <run_address>0x934</run_address>
         <size>0xa9</size>
         <input_file_ref idref="fl-6"/>
      </object_component>
      <object_component id="oc-191">
         <name>.debug_abbrev</name>
         <load_address>0x9dd</load_address>
         <run_address>0x9dd</run_address>
         <size>0x29</size>
         <input_file_ref idref="fl-7"/>
      </object_component>
      <object_component id="oc-13e">
         <name>.debug_abbrev</name>
         <load_address>0xa06</load_address>
         <run_address>0xa06</run_address>
         <size>0x8b</size>
         <input_file_ref idref="fl-7"/>
      </object_component>
      <object_component id="oc-143">
         <name>.debug_abbrev</name>
         <load_address>0xa91</load_address>
         <run_address>0xa91</run_address>
         <size>0x7a</size>
         <input_file_ref idref="fl-8"/>
      </object_component>
      <object_component id="oc-141">
         <name>.debug_abbrev</name>
         <load_address>0xb0b</load_address>
         <run_address>0xb0b</run_address>
         <size>0x27</size>
         <input_file_ref idref="fl-8"/>
      </object_component>
      <object_component id="oc-13f">
         <name>.debug_abbrev</name>
         <load_address>0xb32</load_address>
         <run_address>0xb32</run_address>
         <size>0x27</size>
         <input_file_ref idref="fl-8"/>
      </object_component>
      <object_component id="oc-b8">
         <name>.debug_abbrev</name>
         <load_address>0xb59</load_address>
         <run_address>0xb59</run_address>
         <size>0xb4</size>
         <input_file_ref idref="fl-8"/>
      </object_component>
      <object_component id="oc-1cb">
         <name>.debug_abbrev</name>
         <load_address>0xc0d</load_address>
         <run_address>0xc0d</run_address>
         <size>0x3c</size>
         <input_file_ref idref="fl-c2"/>
      </object_component>
      <object_component id="oc-1d1">
         <name>.debug_abbrev</name>
         <load_address>0xc49</load_address>
         <run_address>0xc49</run_address>
         <size>0x4a</size>
         <input_file_ref idref="fl-c3"/>
      </object_component>
      <object_component id="oc-f9">
         <name>.debug_abbrev</name>
         <load_address>0xc93</load_address>
         <run_address>0xc93</run_address>
         <size>0x5d</size>
         <input_file_ref idref="fl-c4"/>
      </object_component>
      <object_component id="oc-8c">
         <name>.debug_abbrev</name>
         <load_address>0xcf0</load_address>
         <run_address>0xcf0</run_address>
         <size>0x6f</size>
         <input_file_ref idref="fl-c4"/>
      </object_component>
      <object_component id="oc-8f">
         <name>.debug_abbrev</name>
         <load_address>0xd5f</load_address>
         <run_address>0xd5f</run_address>
         <size>0x24</size>
         <input_file_ref idref="fl-c4"/>
      </object_component>
      <object_component id="oc-f6">
         <name>.debug_abbrev</name>
         <load_address>0xd83</load_address>
         <run_address>0xd83</run_address>
         <size>0x24</size>
         <input_file_ref idref="fl-c4"/>
      </object_component>
      <object_component id="oc-8a">
         <name>.debug_abbrev</name>
         <load_address>0xda7</load_address>
         <run_address>0xda7</run_address>
         <size>0x37</size>
         <input_file_ref idref="fl-c5"/>
      </object_component>
      <object_component id="oc-3c">
         <name>.debug_abbrev</name>
         <load_address>0xdde</load_address>
         <run_address>0xdde</run_address>
         <size>0x74</size>
         <input_file_ref idref="fl-c5"/>
      </object_component>
      <object_component id="oc-3f">
         <name>.debug_abbrev</name>
         <load_address>0xe52</load_address>
         <run_address>0xe52</run_address>
         <size>0x24</size>
         <input_file_ref idref="fl-c5"/>
      </object_component>
      <object_component id="oc-87">
         <name>.debug_abbrev</name>
         <load_address>0xe76</load_address>
         <run_address>0xe76</run_address>
         <size>0x24</size>
         <input_file_ref idref="fl-c5"/>
      </object_component>
      <object_component id="oc-f2">
         <name>.debug_abbrev</name>
         <load_address>0xe9a</load_address>
         <run_address>0xe9a</run_address>
         <size>0x37</size>
         <input_file_ref idref="fl-c6"/>
      </object_component>
      <object_component id="oc-2c">
         <name>.debug_abbrev</name>
         <load_address>0xed1</load_address>
         <run_address>0xed1</run_address>
         <size>0x6f</size>
         <input_file_ref idref="fl-c6"/>
      </object_component>
      <object_component id="oc-2f">
         <name>.debug_abbrev</name>
         <load_address>0xf40</load_address>
         <run_address>0xf40</run_address>
         <size>0x24</size>
         <input_file_ref idref="fl-c6"/>
      </object_component>
      <object_component id="oc-ef">
         <name>.debug_abbrev</name>
         <load_address>0xf64</load_address>
         <run_address>0xf64</run_address>
         <size>0x35</size>
         <input_file_ref idref="fl-c6"/>
      </object_component>
      <object_component id="oc-80">
         <name>.debug_abbrev</name>
         <load_address>0xf99</load_address>
         <run_address>0xf99</run_address>
         <size>0x24</size>
         <input_file_ref idref="fl-c6"/>
      </object_component>
      <object_component id="oc-7c">
         <name>.debug_abbrev</name>
         <load_address>0xfbd</load_address>
         <run_address>0xfbd</run_address>
         <size>0x29</size>
         <input_file_ref idref="fl-c7"/>
      </object_component>
      <object_component id="oc-a2">
         <name>.debug_abbrev</name>
         <load_address>0xfe6</load_address>
         <run_address>0xfe6</run_address>
         <size>0x55</size>
         <input_file_ref idref="fl-c7"/>
      </object_component>
      <object_component id="oc-1e3">
         <name>.debug_abbrev</name>
         <load_address>0x103b</load_address>
         <run_address>0x103b</run_address>
         <size>0x38</size>
         <input_file_ref idref="fl-c8"/>
      </object_component>
      <object_component id="oc-84">
         <name>.debug_abbrev</name>
         <load_address>0x1073</load_address>
         <run_address>0x1073</run_address>
         <size>0x3e</size>
         <input_file_ref idref="fl-c9"/>
      </object_component>
      <object_component id="oc-1b8">
         <name>.debug_abbrev</name>
         <load_address>0x10b1</load_address>
         <run_address>0x10b1</run_address>
         <size>0xc0</size>
         <input_file_ref idref="fl-cb"/>
      </object_component>
      <object_component id="oc-17b">
         <name>.debug_abbrev</name>
         <load_address>0x1171</load_address>
         <run_address>0x1171</run_address>
         <size>0x7e</size>
         <input_file_ref idref="fl-cb"/>
      </object_component>
      <object_component id="oc-1bc">
         <name>.debug_abbrev</name>
         <load_address>0x11ef</load_address>
         <run_address>0x11ef</run_address>
         <size>0x24</size>
         <input_file_ref idref="fl-cb"/>
      </object_component>
      <object_component id="oc-1d9">
         <name>.debug_abbrev</name>
         <load_address>0x1213</load_address>
         <run_address>0x1213</run_address>
         <size>0x24</size>
         <input_file_ref idref="fl-cb"/>
      </object_component>
      <object_component id="oc-1c1">
         <name>.debug_abbrev</name>
         <load_address>0x1237</load_address>
         <run_address>0x1237</run_address>
         <size>0x24</size>
         <input_file_ref idref="fl-cb"/>
      </object_component>
      <object_component id="oc-1c6">
         <name>.debug_abbrev</name>
         <load_address>0x125b</load_address>
         <run_address>0x125b</run_address>
         <size>0x4b</size>
         <input_file_ref idref="fl-cb"/>
      </object_component>
      <object_component id="oc-fc">
         <name>.debug_abbrev</name>
         <load_address>0x12a6</load_address>
         <run_address>0x12a6</run_address>
         <size>0x55</size>
         <input_file_ref idref="fl-cc"/>
      </object_component>
      <object_component id="oc-171">
         <name>.debug_abbrev</name>
         <load_address>0x12fb</load_address>
         <run_address>0x12fb</run_address>
         <size>0x45</size>
         <input_file_ref idref="fl-ce"/>
      </object_component>
      <object_component id="oc-21a">
         <name>.debug_abbrev</name>
         <load_address>0x1340</load_address>
         <run_address>0x1340</run_address>
         <size>0xf</size>
      </object_component>
      <object_component id="oc-1a9">
         <name>.debug_str</name>
         <load_address>0x0</load_address>
         <run_address>0x0</run_address>
         <size>0x183d</size>
         <input_file_ref idref="fl-2"/>
      </object_component>
      <object_component id="oc-ec">
         <name>.debug_str</name>
         <load_address>0x183d</load_address>
         <run_address>0x183d</run_address>
         <size>0x2f8</size>
         <input_file_ref idref="fl-2"/>
      </object_component>
      <object_component id="oc-14e">
         <name>.debug_str</name>
         <load_address>0x1b35</load_address>
         <run_address>0x1b35</run_address>
         <size>0x4cd</size>
         <input_file_ref idref="fl-2"/>
      </object_component>
      <object_component id="oc-36">
         <name>.debug_str</name>
         <load_address>0x2002</load_address>
         <run_address>0x2002</run_address>
         <size>0xfd</size>
         <input_file_ref idref="fl-2"/>
      </object_component>
      <object_component id="oc-153">
         <name>.debug_str</name>
         <load_address>0x20ff</load_address>
         <run_address>0x20ff</run_address>
         <size>0x38e</size>
         <input_file_ref idref="fl-2"/>
      </object_component>
      <object_component id="oc-be">
         <name>.debug_str</name>
         <load_address>0x248d</load_address>
         <run_address>0x248d</run_address>
         <size>0x190</size>
         <input_file_ref idref="fl-2"/>
      </object_component>
      <object_component id="oc-149">
         <name>.debug_str</name>
         <load_address>0x261d</load_address>
         <run_address>0x261d</run_address>
         <size>0x183d</size>
         <input_file_ref idref="fl-3"/>
      </object_component>
      <object_component id="oc-169">
         <name>.debug_str</name>
         <load_address>0x3e5a</load_address>
         <run_address>0x3e5a</run_address>
         <size>0x13e</size>
         <input_file_ref idref="fl-4"/>
      </object_component>
      <object_component id="oc-91">
         <name>.debug_str</name>
         <load_address>0x3f98</load_address>
         <run_address>0x3f98</run_address>
         <size>0x105</size>
         <input_file_ref idref="fl-c4"/>
      </object_component>
      <object_component id="oc-f8">
         <name>.debug_str</name>
         <load_address>0x409d</load_address>
         <run_address>0x409d</run_address>
         <size>0x140</size>
         <input_file_ref idref="fl-c4"/>
      </object_component>
      <object_component id="oc-41">
         <name>.debug_str</name>
         <load_address>0x41dd</load_address>
         <run_address>0x41dd</run_address>
         <size>0x10b</size>
         <input_file_ref idref="fl-c5"/>
      </object_component>
      <object_component id="oc-89">
         <name>.debug_str</name>
         <load_address>0x42e8</load_address>
         <run_address>0x42e8</run_address>
         <size>0x140</size>
         <input_file_ref idref="fl-c5"/>
      </object_component>
      <object_component id="oc-31">
         <name>.debug_str</name>
         <load_address>0x4428</load_address>
         <run_address>0x4428</run_address>
         <size>0x118</size>
         <input_file_ref idref="fl-c6"/>
      </object_component>
      <object_component id="oc-f1">
         <name>.debug_str</name>
         <load_address>0x4540</load_address>
         <run_address>0x4540</run_address>
         <size>0x16b</size>
         <input_file_ref idref="fl-c6"/>
      </object_component>
      <object_component id="oc-82">
         <name>.debug_str</name>
         <load_address>0x46ab</load_address>
         <run_address>0x46ab</run_address>
         <size>0x158</size>
         <input_file_ref idref="fl-c6"/>
      </object_component>
      <object_component id="oc-1be">
         <name>.debug_str</name>
         <load_address>0x4803</load_address>
         <run_address>0x4803</run_address>
         <size>0xed</size>
         <input_file_ref idref="fl-cb"/>
      </object_component>
      <object_component id="oc-1db">
         <name>.debug_str</name>
         <load_address>0x48f0</load_address>
         <run_address>0x48f0</run_address>
         <size>0x157</size>
         <input_file_ref idref="fl-cb"/>
      </object_component>
      <object_component id="oc-1c3">
         <name>.debug_str</name>
         <load_address>0x4a47</load_address>
         <run_address>0x4a47</run_address>
         <size>0x150</size>
         <input_file_ref idref="fl-cb"/>
      </object_component>
      <object_component id="oc-1c8">
         <name>.debug_str</name>
         <load_address>0x4b97</load_address>
         <run_address>0x4b97</run_address>
         <size>0x197</size>
         <input_file_ref idref="fl-cb"/>
      </object_component>
      <object_component id="oc-c2">
         <name>.debug_aranges</name>
         <load_address>0x0</load_address>
         <run_address>0x0</run_address>
         <size>0x28</size>
         <input_file_ref idref="fl-2"/>
      </object_component>
      <object_component id="oc-c7">
         <name>.debug_aranges</name>
         <load_address>0x28</load_address>
         <run_address>0x28</run_address>
         <size>0x68</size>
         <input_file_ref idref="fl-3"/>
      </object_component>
      <object_component id="oc-77">
         <name>.debug_aranges</name>
         <load_address>0x90</load_address>
         <run_address>0x90</run_address>
         <size>0x48</size>
         <input_file_ref idref="fl-4"/>
      </object_component>
      <object_component id="oc-6b">
         <name>.debug_aranges</name>
         <load_address>0xd8</load_address>
         <run_address>0xd8</run_address>
         <size>0x28</size>
         <input_file_ref idref="fl-5"/>
      </object_component>
      <object_component id="oc-158">
         <name>.debug_aranges</name>
         <load_address>0x100</load_address>
         <run_address>0x100</run_address>
         <size>0x30</size>
         <input_file_ref idref="fl-6"/>
      </object_component>
      <object_component id="oc-ad">
         <name>.debug_aranges</name>
         <load_address>0x130</load_address>
         <run_address>0x130</run_address>
         <size>0x28</size>
         <input_file_ref idref="fl-7"/>
      </object_component>
      <object_component id="oc-6f">
         <name>.debug_aranges</name>
         <load_address>0x158</load_address>
         <run_address>0x158</run_address>
         <size>0x38</size>
         <input_file_ref idref="fl-8"/>
      </object_component>
      <object_component id="oc-194">
         <name>.debug_aranges</name>
         <load_address>0x190</load_address>
         <run_address>0x190</run_address>
         <size>0x20</size>
         <input_file_ref idref="fl-c2"/>
      </object_component>
      <object_component id="oc-19a">
         <name>.debug_aranges</name>
         <load_address>0x1b0</load_address>
         <run_address>0x1b0</run_address>
         <size>0x20</size>
         <input_file_ref idref="fl-c3"/>
      </object_component>
      <object_component id="oc-47">
         <name>.debug_aranges</name>
         <load_address>0x1d0</load_address>
         <run_address>0x1d0</run_address>
         <size>0x20</size>
         <input_file_ref idref="fl-c4"/>
      </object_component>
      <object_component id="oc-1f">
         <name>.debug_aranges</name>
         <load_address>0x1f0</load_address>
         <run_address>0x1f0</run_address>
         <size>0x20</size>
         <input_file_ref idref="fl-c5"/>
      </object_component>
      <object_component id="oc-18">
         <name>.debug_aranges</name>
         <load_address>0x210</load_address>
         <run_address>0x210</run_address>
         <size>0x20</size>
         <input_file_ref idref="fl-c6"/>
      </object_component>
      <object_component id="oc-57">
         <name>.debug_aranges</name>
         <load_address>0x230</load_address>
         <run_address>0x230</run_address>
         <size>0x20</size>
         <input_file_ref idref="fl-c7"/>
      </object_component>
      <object_component id="oc-1ce">
         <name>.debug_aranges</name>
         <load_address>0x250</load_address>
         <run_address>0x250</run_address>
         <size>0x20</size>
         <input_file_ref idref="fl-c8"/>
      </object_component>
      <object_component id="oc-38">
         <name>.debug_aranges</name>
         <load_address>0x270</load_address>
         <run_address>0x270</run_address>
         <size>0x20</size>
         <input_file_ref idref="fl-c9"/>
      </object_component>
      <object_component id="oc-10a">
         <name>.debug_aranges</name>
         <load_address>0x290</load_address>
         <run_address>0x290</run_address>
         <size>0x20</size>
         <input_file_ref idref="fl-cb"/>
      </object_component>
      <object_component id="oc-9b">
         <name>.debug_aranges</name>
         <load_address>0x2b0</load_address>
         <run_address>0x2b0</run_address>
         <size>0x20</size>
         <input_file_ref idref="fl-cc"/>
      </object_component>
      <object_component id="oc-100">
         <name>.debug_aranges</name>
         <load_address>0x2d0</load_address>
         <run_address>0x2d0</run_address>
         <size>0x20</size>
         <input_file_ref idref="fl-ce"/>
      </object_component>
      <object_component id="oc-c1">
         <name>.debug_pubnames</name>
         <load_address>0x0</load_address>
         <run_address>0x0</run_address>
         <size>0x2b</size>
         <input_file_ref idref="fl-2"/>
      </object_component>
      <object_component id="oc-c8">
         <name>.debug_pubnames</name>
         <load_address>0x2b</load_address>
         <run_address>0x2b</run_address>
         <size>0xc1</size>
         <input_file_ref idref="fl-3"/>
      </object_component>
      <object_component id="oc-d6">
         <name>.debug_pubnames</name>
         <load_address>0xec</load_address>
         <run_address>0xec</run_address>
         <size>0x5c</size>
         <input_file_ref idref="fl-4"/>
      </object_component>
      <object_component id="oc-cd">
         <name>.debug_pubnames</name>
         <load_address>0x148</load_address>
         <run_address>0x148</run_address>
         <size>0x1d</size>
         <input_file_ref idref="fl-4"/>
      </object_component>
      <object_component id="oc-d0">
         <name>.debug_pubnames</name>
         <load_address>0x165</load_address>
         <run_address>0x165</run_address>
         <size>0x80</size>
         <input_file_ref idref="fl-4"/>
      </object_component>
      <object_component id="oc-e4">
         <name>.debug_pubnames</name>
         <load_address>0x1e5</load_address>
         <run_address>0x1e5</run_address>
         <size>0x1d</size>
         <input_file_ref idref="fl-4"/>
      </object_component>
      <object_component id="oc-dd">
         <name>.debug_pubnames</name>
         <load_address>0x202</load_address>
         <run_address>0x202</run_address>
         <size>0x24</size>
         <input_file_ref idref="fl-4"/>
      </object_component>
      <object_component id="oc-d9">
         <name>.debug_pubnames</name>
         <load_address>0x226</load_address>
         <run_address>0x226</run_address>
         <size>0x27</size>
         <input_file_ref idref="fl-4"/>
      </object_component>
      <object_component id="oc-d3">
         <name>.debug_pubnames</name>
         <load_address>0x24d</load_address>
         <run_address>0x24d</run_address>
         <size>0x27</size>
         <input_file_ref idref="fl-4"/>
      </object_component>
      <object_component id="oc-78">
         <name>.debug_pubnames</name>
         <load_address>0x274</load_address>
         <run_address>0x274</run_address>
         <size>0x7f</size>
         <input_file_ref idref="fl-4"/>
      </object_component>
      <object_component id="oc-28">
         <name>.debug_pubnames</name>
         <load_address>0x2f3</load_address>
         <run_address>0x2f3</run_address>
         <size>0x27</size>
         <input_file_ref idref="fl-5"/>
      </object_component>
      <object_component id="oc-6a">
         <name>.debug_pubnames</name>
         <load_address>0x31a</load_address>
         <run_address>0x31a</run_address>
         <size>0x38</size>
         <input_file_ref idref="fl-5"/>
      </object_component>
      <object_component id="oc-19f">
         <name>.debug_pubnames</name>
         <load_address>0x352</load_address>
         <run_address>0x352</run_address>
         <size>0x21</size>
         <input_file_ref idref="fl-6"/>
      </object_component>
      <object_component id="oc-157">
         <name>.debug_pubnames</name>
         <load_address>0x373</load_address>
         <run_address>0x373</run_address>
         <size>0x49</size>
         <input_file_ref idref="fl-6"/>
      </object_component>
      <object_component id="oc-13d">
         <name>.debug_pubnames</name>
         <load_address>0x3bc</load_address>
         <run_address>0x3bc</run_address>
         <size>0x26</size>
         <input_file_ref idref="fl-7"/>
      </object_component>
      <object_component id="oc-ae">
         <name>.debug_pubnames</name>
         <load_address>0x3e2</load_address>
         <run_address>0x3e2</run_address>
         <size>0x3b</size>
         <input_file_ref idref="fl-7"/>
      </object_component>
      <object_component id="oc-b7">
         <name>.debug_pubnames</name>
         <load_address>0x41d</load_address>
         <run_address>0x41d</run_address>
         <size>0x1e</size>
         <input_file_ref idref="fl-8"/>
      </object_component>
      <object_component id="oc-b4">
         <name>.debug_pubnames</name>
         <load_address>0x43b</load_address>
         <run_address>0x43b</run_address>
         <size>0x1f</size>
         <input_file_ref idref="fl-8"/>
      </object_component>
      <object_component id="oc-70">
         <name>.debug_pubnames</name>
         <load_address>0x45a</load_address>
         <run_address>0x45a</run_address>
         <size>0x61</size>
         <input_file_ref idref="fl-8"/>
      </object_component>
      <object_component id="oc-197">
         <name>.debug_pubnames</name>
         <load_address>0x4bb</load_address>
         <run_address>0x4bb</run_address>
         <size>0x23</size>
         <input_file_ref idref="fl-c2"/>
      </object_component>
      <object_component id="oc-19b">
         <name>.debug_pubnames</name>
         <load_address>0x4de</load_address>
         <run_address>0x4de</run_address>
         <size>0x27</size>
         <input_file_ref idref="fl-c3"/>
      </object_component>
      <object_component id="oc-46">
         <name>.debug_pubnames</name>
         <load_address>0x505</load_address>
         <run_address>0x505</run_address>
         <size>0x2e</size>
         <input_file_ref idref="fl-c4"/>
      </object_component>
      <object_component id="oc-20">
         <name>.debug_pubnames</name>
         <load_address>0x533</load_address>
         <run_address>0x533</run_address>
         <size>0x2b</size>
         <input_file_ref idref="fl-c5"/>
      </object_component>
      <object_component id="oc-1a">
         <name>.debug_pubnames</name>
         <load_address>0x55e</load_address>
         <run_address>0x55e</run_address>
         <size>0x2b</size>
         <input_file_ref idref="fl-c6"/>
      </object_component>
      <object_component id="oc-2b">
         <name>.debug_pubnames</name>
         <load_address>0x589</load_address>
         <run_address>0x589</run_address>
         <size>0x1e</size>
         <input_file_ref idref="fl-c7"/>
      </object_component>
      <object_component id="oc-5a">
         <name>.debug_pubnames</name>
         <load_address>0x5a7</load_address>
         <run_address>0x5a7</run_address>
         <size>0x26</size>
         <input_file_ref idref="fl-c7"/>
      </object_component>
      <object_component id="oc-1cf">
         <name>.debug_pubnames</name>
         <load_address>0x5cd</load_address>
         <run_address>0x5cd</run_address>
         <size>0x27</size>
         <input_file_ref idref="fl-c8"/>
      </object_component>
      <object_component id="oc-3a">
[...]
         <length>0x40000</length>
         <used_space>0x28a</used_space>
         <unused_space>0x3fd76</unused_space>
         <attributes>RW</attributes>
         <usage_details>
            <allocated_space>
               <start_address>0x20000000</start_address>
               <size>0x0</size>
               <logical_group_ref idref="lg-1e6"/>
            </allocated_space>
            <allocated_space>
               <start_address>0x20000000</start_address>
               <size>0x7c</size>
               <logical_group_ref idref="lg-e"/>
            </allocated_space>
            <allocated_space>
               <start_address>0x2000007c</start_address>
               <size>0xe</size>
               <logical_group_ref idref="lg-f"/>
            </allocated_space>
            <available_space>
               <start_address>0x2000008a</start_address>
               <size>0x3fd76</size>
            </available_space>
            <allocated_space>
               <start_address>0x2003fe00</start_address>
               <size>0x200</size>
               <logical_group_ref idref="lg-11"/>
            </allocated_space>
         </usage_details>
      </memory_area>
   </placement_map>
   <cptbl_list>
      <cptbl>
         <name>__TI_cinit_table</name>
         <cprec>
            <name>.data</name>
            <load_address>0x12d0</load_address>
            <load_size>0x50</load_size>
            <run_address>0x20000000</run_address>
            <run_size>0x7c</run_size>
            <compression>lzss</compression>
         </cprec>
         <cprec>
            <name>.bss</name>
            <load_address>0x1330</load_address>
            <load_size>0x8</load_size>
            <run_address>0x2000007c</run_address>
            <run_size>0xe</run_size>
            <compression>zero_init</compression>
         </cprec>
      </cptbl>
   </cptbl_list>
   <handler_table>
      <handler_table_name>__TI_handler_table</handler_table_name>
      <handler>
         <index>0x0</index>
         <name>__TI_decompress_lzss</name>
      </handler>
      <handler>
         <index>0x1</index>
         <name>__TI_decompress_none</name>
      </handler>
      <handler>
         <index>0x2</index>
         <name>__TI_zero_init</name>
      </handler>
   </handler_table>
   <symbol_table>
      <symbol id="sm-1">
         <name>WDTCTL_SYM</name>
         <value>0x4000480c</value>
      </symbol>
      <symbol id="sm-2">
         <name>__start___llvm_prf_cnts</name>
         <value>0x20000000</value>
      </symbol>
      <symbol id="sm-3">
         <name>__stop___llvm_prf_cnts</name>
         <value>0x20000000</value>
      </symbol>
      <symbol id="sm-4">
         <name>__TI_CINIT_Base</name>
         <value>0x1338</value>
      </symbol>
      <symbol id="sm-5">
         <name>__TI_CINIT_Limit</name>
         <value>0x1348</value>
      </symbol>
      <symbol id="sm-6">
         <name>__TI_Handler_Table_Base</name>
         <value>0x1320</value>
      </symbol>
      <symbol id="sm-7">
         <name>__TI_Handler_Table_Limit</name>
         <value>0x132c</value>
      </symbol>
      <symbol id="sm-8">
         <name>binit</name>
         <value>0xffffffff</value>
      </symbol>
      <symbol id="sm-9">
         <name>__binit__</name>
         <value>0xffffffff</value>
      </symbol>
      <symbol id="sm-a">
         <name>__STACK_SIZE</name>
         <value>0x200</value>
      </symbol>
      <symbol id="sm-b">
         <name>__STACK_END</name>
         <value>0x20040000</value>
      </symbol>
      <symbol id="sm-c">
         <name>__c_args__</name>
         <value>0xffffffff</value>
      </symbol>
      <symbol id="sm-d">
         <name>__TI_pprof_out_hndl</name>
         <value>0xffffffff</value>
      </symbol>
      <symbol id="sm-e">
         <name>__TI_prof_data_start</name>
         <value>0xffffffff</value>
      </symbol>
      <symbol id="sm-f">
         <name>__TI_prof_data_size</name>
         <value>0xffffffff</value>
      </symbol>
      <symbol id="sm-6d">
         <name>error</name>
         <value>0xee9</value>
         <object_component_ref idref="oc-bf"/>
      </symbol>
      <symbol id="sm-6e">
         <name>configHFXT</name>
         <value>0xe49</value>
         <object_component_ref idref="oc-bf"/>
      </symbol>
      <symbol id="sm-9a">
         <name>configLCD</name>
         <value>0xaa9</value>
         <object_component_ref idref="oc-c5"/>
      </symbol>
      <symbol id="sm-9b">
         <name>dataInstruction</name>
         <value>0xba5</value>
         <object_component_ref idref="oc-c5"/>
      </symbol>
      <symbol id="sm-9c">
         <name>writeSentence</name>
         <value>0xc69</value>
         <object_component_ref idref="oc-c5"/>
      </symbol>
      <symbol id="sm-9d">
         <name>moveCursor</name>
         <value>0xc2d</value>
         <object_component_ref idref="oc-c5"/>
      </symbol>
      <symbol id="sm-9e">
         <name>commandInstruction</name>
         <value>0xb93</value>
         <object_component_ref idref="oc-c5"/>
      </symbol>
      <symbol id="sm-9f">
         <name>clearDisplay</name>
         <value>0xcaf</value>
         <object_component_ref idref="oc-c5"/>
      </symbol>
      <symbol id="sm-a0">
         <name>printChar</name>
         <value>0xc1d</value>
         <object_component_ref idref="oc-c5"/>
      </symbol>
      <symbol id="sm-a1">
         <name>writeInstruction</name>
         <value>0xb3b</value>
         <object_component_ref idref="oc-c5"/>
      </symbol>
      <symbol id="sm-a2">
         <name>instructionDelay</name>
         <value>0xb0d</value>
         <object_component_ref idref="oc-c5"/>
      </symbol>
      <symbol id="sm-a3">
         <name>initLCD</name>
         <value>0xbb7</value>
         <object_component_ref idref="oc-c5"/>
      </symbol>
      <symbol id="sm-13f">
         <name>RXDataPointer</name>
         <value>0x20000088</value>
      </symbol>
      <symbol id="sm-140">
         <name>TXDataPointer</name>
         <value>0x20000089</value>
      </symbol>
      <symbol id="sm-141">
         <name>Ax</name>
         <value>0x20000084</value>
      </symbol>
      <symbol id="sm-142">
         <name>Ay</name>
         <value>0x20000086</value>
      </symbol>
      <symbol id="sm-143">
         <name>Gx1000x</name>
         <value>0x2000007c</value>
      </symbol>
      <symbol id="sm-144">
         <name>Gy1000x</name>
         <value>0x20000080</value>
      </symbol>
      <symbol id="sm-145">
         <name>initializeGyro</name>
         <value>0x60d</value>
         <object_component_ref idref="oc-73"/>
      </symbol>
      <symbol id="sm-146">
         <name>Gz1000x</name>
         <value>0x2000005c</value>
         <object_component_ref idref="oc-ce"/>
      </symbol>
      <symbol id="sm-147">
         <name>LCDtopMessageLength</name>
         <value>0x20000060</value>
         <object_component_ref idref="oc-ce"/>
      </symbol>
      <symbol id="sm-148">
         <name>LCDbottomMessage</name>
         <value>0x20000034</value>
         <object_component_ref idref="oc-d7"/>
      </symbol>
      <symbol id="sm-149">
         <name>updateGyro</name>
         <value>0x56d</value>
         <object_component_ref idref="oc-73"/>
      </symbol>
      <symbol id="sm-14a">
         <name>RXData</name>
         <value>0x20000070</value>
         <object_component_ref idref="oc-e2"/>
      </symbol>
      <symbol id="sm-14b">
         <name>EUSCIB0_IRQHandler</name>
         <value>0x4a9</value>
         <object_component_ref idref="oc-73"/>
      </symbol>
      <symbol id="sm-14c">
         <name>main</name>
         <value>0xe9</value>
         <object_component_ref idref="oc-73"/>
      </symbol>
      <symbol id="sm-14d">
         <name>TerminalPMessage</name>
         <value>0x20000000</value>
         <object_component_ref idref="oc-d1"/>
      </symbol>
      <symbol id="sm-14e">
         <name>Az</name>
         <value>0x2000005a</value>
         <object_component_ref idref="oc-ce"/>
      </symbol>
      <symbol id="sm-14f">
         <name>updateBottomMessage</name>
         <value>0x1a3</value>
         <object_component_ref idref="oc-73"/>
      </symbol>
      <symbol id="sm-150">
         <name>updatePMessage</name>
         <value>0x27d</value>
         <object_component_ref idref="oc-73"/>
      </symbol>
      <symbol id="sm-151">
         <name>LCDbottomMessageLength</name>
         <value>0x20000062</value>
         <object_component_ref idref="oc-ce"/>
      </symbol>
      <symbol id="sm-152">
         <name>TerminalPMessageLength</name>
         <value>0x20000064</value>
         <object_component_ref idref="oc-ce"/>
      </symbol>
      <symbol id="sm-153">
         <name>LCDtopMessage</name>
         <value>0x20000045</value>
         <object_component_ref idref="oc-db"/>
      </symbol>
      <symbol id="sm-168">
         <name>Reset_Handler</name>
         <value>0x1233</value>
         <object_component_ref idref="oc-67"/>
      </symbol>
      <symbol id="sm-169">
         <name>Default_Handler</name>
         <value>0x123f</value>
         <object_component_ref idref="oc-67"/>
      </symbol>
      <symbol id="sm-16a">
         <name>interruptVectors</name>
         <value>0x0</value>
         <object_component_ref idref="oc-26"/>
      </symbol>
      <symbol id="sm-188">
         <name>delayMilliSec</name>
         <value>0xfb5</value>
         <object_component_ref idref="oc-155"/>
      </symbol>
      <symbol id="sm-189">
         <name>delayMicroSec</name>
         <value>0xf45</value>
         <object_component_ref idref="oc-155"/>
      </symbol>
      <symbol id="sm-18a">
         <name>initDelayTimer</name>
         <value>0xf31</value>
         <object_component_ref idref="oc-155"/>
      </symbol>
      <symbol id="sm-18b">
         <name>sysClkFreq</name>
         <value>0x20000068</value>
         <object_component_ref idref="oc-19d"/>
      </symbol>
      <symbol id="sm-1d9">
         <name>SystemInit</name>
         <value>0x9d1</value>
         <object_component_ref idref="oc-ab"/>
      </symbol>
      <symbol id="sm-1da">
         <name>SystemCoreClockUpdate</name>
         <value>0x759</value>
         <object_component_ref idref="oc-ab"/>
      </symbol>
      <symbol id="sm-1db">
         <name>SystemCoreClock</name>
         <value>0x20000078</value>
         <object_component_ref idref="oc-13b"/>
      </symbol>
      <symbol id="sm-214">
         <name>printMessage</name>
         <value>0xd57</value>
         <object_component_ref idref="oc-6d"/>
      </symbol>
      <symbol id="sm-215">
         <name>initializeTerminal</name>
         <value>0xcd9</value>
         <object_component_ref idref="oc-6d"/>
      </symbol>
      <symbol id="sm-216">
         <name>EUSCIA2_IRQHandler</name>
         <value>0xd95</value>
         <object_component_ref idref="oc-6d"/>
      </symbol>
      <symbol id="sm-217">
         <name>getLastChar</name>
         <value>0xd8f</value>
         <object_component_ref idref="oc-6d"/>
      </symbol>
      <symbol id="sm-220">
         <name>__aeabi_lmul</name>
         <value>0x120d</value>
         <object_component_ref idref="oc-193"/>
      </symbol>
      <symbol id="sm-22d">
         <name>__aeabi_uldivmod</name>
         <value>0x1079</value>
         <object_component_ref idref="oc-198"/>
      </symbol>
      <symbol id="sm-246">
         <name>__TI_zero_init_nomemset</name>
         <value>0x11f1</value>
         <object_component_ref idref="oc-43"/>
      </symbol>
      <symbol id="sm-25d">
         <name>__TI_decompress_none</name>
         <value>0x1225</value>
         <object_component_ref idref="oc-1d"/>
      </symbol>
      <symbol id="sm-280">
         <name>__TI_decompress_lzss</name>
         <value>0x110f</value>
         <object_component_ref idref="oc-17"/>
      </symbol>
      <symbol id="sm-293">
         <name>__stack</name>
         <value>0x2003fe00</value>
         <object_component_ref idref="oc-29"/>
      </symbol>
      <symbol id="sm-294">
         <name>_c_int00_noargs</name>
         <value>0x11bd</value>
         <object_component_ref idref="oc-55"/>
      </symbol>
      <symbol id="sm-29e">
         <name>__aeabi_idiv0</name>
         <value>0x1177</value>
         <object_component_ref idref="oc-1cc"/>
      </symbol>
      <symbol id="sm-29f">
         <name>__aeabi_ldiv0</name>
         <value>0x1177</value>
         <object_component_ref idref="oc-1cc"/>
      </symbol>
      <symbol id="sm-2ba">
         <name>memcpy</name>
         <value>0xfdd</value>
         <object_component_ref idref="oc-37"/>
      </symbol>
      <symbol id="sm-2bb">
         <name>__aeabi_memcpy</name>
         <value>0xfdd</value>
         <object_component_ref idref="oc-37"/>
      </symbol>
      <symbol id="sm-2bc">
         <name>__aeabi_memcpy8</name>
         <value>0xfdd</value>
         <object_component_ref idref="oc-37"/>
      </symbol>
      <symbol id="sm-2bd">
         <name>__aeabi_memcpy4</name>
         <value>0xfdd</value>
         <object_component_ref idref="oc-37"/>
      </symbol>
      <symbol id="sm-2e6">
         <name>__TI_auto_init_nobinit_nopinit</name>
         <value>0x1179</value>
         <object_component_ref idref="oc-109"/>
      </symbol>
      <symbol id="sm-2f0">
         <name>_system_pre_init</name>
         <value>0x1241</value>
         <object_component_ref idref="oc-99"/>
      </symbol>
      <symbol id="sm-2fc">
         <name>C$$EXIT</name>
         <value>0x1245</value>
         <object_component_ref idref="oc-fd"/>
      </symbol>
      <symbol id="sm-2fd">
         <name>abort</name>
         <value>0x1245</value>
         <object_component_ref idref="oc-fd"/>
      </symbol>
      <symbol id="sm-300">
         <name>__TI_static_base__</name>
         <value>0x0</value>
      </symbol>
      <symbol id="sm-303">
         <name>__mpu_init</name>
         <value>0x0</value>
      </symbol>
      <symbol id="sm-304">
         <name>_system_post_cinit</name>
         <value>0x0</value>
      </symbol>
      <symbol id="sm-305">
         <name>NMI_Handler</name>
         <value>0x123f</value>
      </symbol>
      <symbol id="sm-306">
         <name>HardFault_Handler</name>
         <value>0x123f</value>
      </symbol>
      <symbol id="sm-307">
         <name>MemManage_Handler</name>
         <value>0x123f</value>
      </symbol>
      <symbol id="sm-308">
         <name>BusFault_Handler</name>
         <value>0x123f</value>
      </symbol>
      <symbol id="sm-309">
         <name>UsageFault_Handler</name>
         <value>0x123f</value>
      </symbol>
      <symbol id="sm-30a">
         <name>SVC_Handler</name>
         <value>0x123f</value>
      </symbol>
      <symbol id="sm-30b">
         <name>DebugMon_Handler</name>
         <value>0x123f</value>
      </symbol>
      <symbol id="sm-30c">
         <name>PendSV_Handler</name>
         <value>0x123f</value>
      </symbol>
      <symbol id="sm-30d">
         <name>SysTick_Handler</name>
         <value>0x123f</value>
      </symbol>
      <symbol id="sm-30e">
         <name>PSS_IRQHandler</name>
         <value>0x123f</value>
      </symbol>
      <symbol id="sm-30f">
         <name>CS_IRQHandler</name>
         <value>0x123f</value>
      </symbol>
      <symbol id="sm-310">
         <name>PCM_IRQHandler</name>
         <value>0x123f</value>
      </symbol>
      <symbol id="sm-311">
         <name>WDT_A_IRQHandler</name>
         <value>0x123f</value>
      </symbol>
      <symbol id="sm-312">
         <name>FPU_IRQHandler</name>
         <value>0x123f</value>
      </symbol>
      <symbol id="sm-313">
         <name>FLCTL_A_IRQHandler</name>
         <value>0x123f</value>
      </symbol>
      <symbol id="sm-314">
         <name>COMP_E0_IRQHandler</name>
         <value>0x123f</value>
      </symbol>
      <symbol id="sm-315">
         <name>COMP_E1_IRQHandler</name>
         <value>0x123f</value>
      </symbol>
      <symbol id="sm-316">
         <name>TA0_0_IRQHandler</name>
         <value>0x123f</value>
      </symbol>
      <symbol id="sm-317">
         <name>TA0_N_IRQHandler</name>
         <value>0x123f</value>
      </symbol>
      <symbol id="sm-318">
         <name>TA1_0_IRQHandler</name>
         <value>0x123f</value>
      </symbol>
      <symbol id="sm-319">
         <name>TA1_N_IRQHandler</name>
         <value>0x123f</value>
      </symbol>
      <symbol id="sm-31a">
         <name>TA2_0_IRQHandler</name>
         <value>0x123f</value>
      </symbol>
      <symbol id="sm-31b">
         <name>TA2_N_IRQHandler</name>
         <value>0x123f</value>
      </symbol>
      <symbol id="sm-31c">
         <name>TA3_0_IRQHandler</name>
         <value>0x123f</value>
      </symbol>
      <symbol id="sm-31d">
         <name>TA3_N_IRQHandler</name>
         <value>0x123f</value>
      </symbol>
      <symbol id="sm-31e">
         <name>EUSCIA0_IRQHandler</name>
         <value>0x123f</value>
      </symbol>
      <symbol id="sm-31f">
         <name>EUSCIA1_IRQHandler</name>
         <value>0x123f</value>
      </symbol>
      <symbol id="sm-320">
         <name>EUSCIA2_IRQHandler</name>
         <value>0xd95</value>
      </symbol>
      <symbol id="sm-321">
         <name>EUSCIA3_IRQHandler</name>
         <value>0x123f</value>
      </symbol>
      <symbol id="sm-322">
         <name>EUSCIB0_IRQHandler</name>
         <value>0x4a9</value>
      </symbol>
      <symbol id="sm-323">
         <name>EUSCIB1_IRQHandler</name>
         <value>0x123f</value>
      </symbol>
      <symbol id="sm-324">
         <name>EUSCIB2_IRQHandler</name>
         <value>0x123f</value>
      </symbol>
      <symbol id="sm-325">
         <name>EUSCIB3_IRQHandler</name>
         <value>0x123f</value>
      </symbol>
      <symbol id="sm-326">
         <name>ADC14_IRQHandler</name>
         <value>0x123f</value>
      </symbol>
      <symbol id="sm-327">
         <name>T32_INT1_IRQHandler</name>
         <value>0x123f</value>
      </symbol>
      <symbol id="sm-328">
         <name>T32_INT2_IRQHandler</name>
         <value>0x123f</value>
      </symbol>
      <symbol id="sm-329">
         <name>T32_INTC_IRQHandler</name>
         <value>0x123f</value>
      </symbol>
      <symbol id="sm-32a">
         <name>AES256_IRQHandler</name>
         <value>0x123f</value>
      </symbol>
      <symbol id="sm-32b">
         <name>RTC_C_IRQHandler</name>
         <value>0x123f</value>
      </symbol>
      <symbol id="sm-32c">
         <name>DMA_ERR_IRQHandler</name>
         <value>0x123f</value>
      </symbol>
      <symbol id="sm-32d">
         <name>DMA_INT3_IRQHandler</name>
         <value>0x123f</value>
      </symbol>
      <symbol id="sm-32e">
         <name>DMA_INT2_IRQHandler</name>
         <value>0x123f</value>
      </symbol>
      <symbol id="sm-32f">
         <name>DMA_INT1_IRQHandler</name>
         <value>0x123f</value>
      </symbol>
      <symbol id="sm-330">
         <name>DMA_INT0_IRQHandler</name>
         <value>0x123f</value>
      </symbol>
      <symbol id="sm-331">
         <name>PORT1_IRQHandler</name>
         <value>0x123f</value>
      </symbol>
      <symbol id="sm-332">
         <name>PORT2_IRQHandler</name>
         <value>0x123f</value>
      </symbol>
      <symbol id="sm-333">
         <name>PORT3_IRQHandler</name>
         <value>0x123f</value>
      </symbol>
      <symbol id="sm-334">
         <name>PORT4_IRQHandler</name>
         <value>0x123f</value>
      </symbol>
      <symbol id="sm-335">
         <name>PORT5_IRQHandler</name>
         <value>0x123f</value>
      </symbol>
      <symbol id="sm-336">
         <name>PORT6_IRQHandler</name>
         <value>0x123f</value>
      </symbol>
      <symbol id="sm-337">
         <name>LCD_F_IRQHandler</name>
         <value>0x123f</value>
      </symbol>
   </symbol_table>
   <title>Link successful</title>
</link_info>
